ï¿½+
Bï¿½ï¿½Jï¿½ï¿½ï¿½ï¿½ets Jul 29 2019 12:21:46

rst:0x1 (POWERON_RESET),boot:0x13 (SPI_FAST_FLASH_BOOT)
configsip: 0, SPIWP:0xee
clk_drv:0x00,q_drv:0x00,d_drv:0x00,cs0_drv:0x00,hd_drv:0x00,wp_drv:0x00
mode:DIO, clock div:2
load:0x3fff0030,len:7084
ho 0 tail 12 room 4
load:0x40078000,len:15584
load:0x40080400,len:4
load:0x40080404,len:3876
entry 0x4008064c
[0;32mI (31) boot: ESP-IDF v5.1.2-dirty 2nd stage bootloader[0m
[0;32mI (31) boot: compile time Feb 19 2024 23:35:35[0m
[0;32mI (31) boot: Multicore bootloader[0m
[0;32mI (36) boot: chip revision: v3.1[0m
[0;32mI (40) boot.esp32: SPI Speed      : 40MHz[0m
[0;32mI (44) boot.esp32: SPI Mode       : DIO[0m
[0;32mI (49) boot.esp32: SPI Flash Size : 2MB[0m
[0;32mI (53) boot: Enabling RNG early entropy source...[0m
[0;32mI (59) boot: Partition Table:[0m
[0;32mI (62) boot: ## Label            Usage          Type ST Offset   Length[0m
[0;32mI (70) boot:  0 nvs              WiFi data        01 02 00009000 00006000[0m
[0;32mI (77) boot:  1 phy_init         RF data          01 01 0000f000 00001000[0m
[0;32mI (85) boot:  2 factory          factory app      00 00 00010000 00100000[0m
[0;32mI (92) boot: End of partition table[0m
[0;32mI (96) esp_image: segment 0: paddr=00010020 vaddr=3f400020 size=1f204h (127492) map[0m
[0;32mI (151) esp_image: segment 1: paddr=0002f22c vaddr=3ffb0000 size=00dech (  3564) load[0m
[0;32mI (153) esp_image: segment 2: paddr=00030020 vaddr=400d0020 size=80a9ch (527004) map[0m
[0;32mI (347) esp_image: segment 3: paddr=000b0ac4 vaddr=3ffb0dec size=02ca0h ( 11424) load[0m
[0;32mI (352) esp_image: segment 4: paddr=000b376c vaddr=40080000 size=15c3ch ( 89148) load[0m
[0;32mI (401) boot: Loaded app from partition at offset 0x10000[0m
[0;32mI (401) boot: Disabling RNG early entropy source...[0m
[0;32mI (412) cpu_start: Multicore app[0m
[0;32mI (413) cpu_start: Pro cpu up.[0m
[0;32mI (413) cpu_start: Starting app cpu, entry point is 0x40081390[0m
[0;32mI (0) cpu_start: App cpu up.[0m
[0;32mI (430) cpu_start: Pro cpu start user code[0m
[0;32mI (431) cpu_start: cpu freq: 160000000 Hz[0m
[0;32mI (431) cpu_start: Application information:[0m
[0;32mI (435) cpu_start: Project name:     ESP32_AP_STAs[0m
[0;32mI (441) cpu_start: App version:      1[0m
[0;32mI (445) cpu_start: Compile time:     Feb 19 2024 23:33:57[0m
[0;32mI (451) cpu_start: ELF file SHA256:  a5139c09665051a1...[0m
[0;32mI (457) cpu_start: ESP-IDF:          v5.1.2-dirty[0m
[0;32mI (463) cpu_start: Min chip rev:     v0.0[0m
[0;32mI (467) cpu_start: Max chip rev:     v3.99 [0m
[0;32mI (472) cpu_start: Chip rev:         v3.1[0m
[0;32mI (477) heap_init: Initializing. RAM available for dynamic allocation:[0m
[0;32mI (484) heap_init: At 3FFAE6E0 len 00001920 (6 KiB): DRAM[0m
[0;32mI (490) heap_init: At 3FFB7B28 len 000284D8 (161 KiB): DRAM[0m
[0;32mI (496) heap_init: At 3FFE0440 len 00003AE0 (14 KiB): D/IRAM[0m
[0;32mI (503) heap_init: At 3FFE4350 len 0001BCB0 (111 KiB): D/IRAM[0m
[0;32mI (509) heap_init: At 40095C3C len 0000A3C4 (40 KiB): IRAM[0m
[0;32mI (517) spi_flash: detected chip: generic[0m
[0;32mI (520) spi_flash: flash io: dio[0m
[0;33mW (524) spi_flash: Detected size(4096k) larger than the size in the binary image header(2048k). Using the size in the binary image header.[0m
[0;32mI (538) app_start: Starting scheduler on CPU0[0m
[0;32mI (542) app_start: Starting scheduler on CPU1[0m
[0;32mI (542) main_task: Started on CPU0[0m
[0;32mI (552) main_task: Calling app_main()[0m
I (602) wifi:wifi driver task: 3ffbfb7c, prio:23, stack:6656, core=0
I (622) wifi:wifi firmware version: 91b9630
I (622) wifi:wifi certification version: v7.0
I (622) wifi:config NVS flash: enabled
I (622) wifi:config nano formating: disabled
I (632) wifi:Init data frame dynamic rx buffer num: 32
I (632) wifi:Init static rx mgmt buffer num: 5
I (632) wifi:Init management short buffer num: 32
I (642) wifi:Init dynamic tx buffer num: 32
I (642) wifi:Init static rx buffer size: 1600
I (652) wifi:Init static rx buffer num: 10
I (652) wifi:Init dynamic rx buffer num: 32
[0;32mI (662) wifi_init: rx ba win: 6[0m
[0;32mI (662) wifi_init: tcpip mbox: 32[0m
[0;32mI (662) wifi_init: udp mbox: 6[0m
[0;32mI (672) wifi_init: tcp mbox: 6[0m
[0;32mI (672) wifi_init: tcp tx win: 5744[0m
[0;32mI (672) wifi_init: tcp rx win: 5744[0m
[0;32mI (682) wifi_init: tcp mss: 1440[0m
[0;32mI (682) wifi_init: WiFi IRAM OP enabled[0m
[0;32mI (692) wifi_init: WiFi RX IRAM OP enabled[0m
[0;32mI (1712) phy_init: phy_version 4780,16b31a7,Sep 22 2023,20:42:16[0m
I (1792) wifi:mode : sta (b0:b2:1c:a6:2b:48) + softAP (b0:b2:1c:a6:2b:49)
I (1792) wifi:enable tsf
I (1902) wifi:Total power save buffer number: 16
I (1902) wifi:Init max length of beacon: 752/752
I (1902) wifi:Init max length of beacon: 752/752
WIFI CONNECTING....
WIFI AP is started...

wifi_init_softap finished. SSID:Nalim  password:0123456789[0;32mI (1912) main_task: Returned from app_main()[0m
I (1922) wifi:ap channel adjust o:6,1 n:1,1
I (1922) wifi:new:<1,0>, old:<6,1>, ap:<1,1>, sta:<1,0>, prof:6
I (1932) wifi:state: init -> auth (b0)
I (1942) wifi:state: auth -> assoc (0)
I (2942) wifi:state: assoc -> init (2700)
I (2942) wifi:new:<1,0>, old:<1,0>, ap:<1,1>, sta:<1,0>, prof:6
WiFi lost connection
Retrying to Connect...
WiFi lost connection
Retrying to Connect...
I (5822) wifi:new:<1,1>, old:<1,0>, ap:<1,1>, sta:<1,0>, prof:6
I (5832) wifi:state: init -> auth (b0)
I (5872) wifi:state: auth -> assoc (0)
I (5922) wifi:state: assoc -> run (10)
I (5942) wifi:connected with Nalim, aid = 2, channel 1, BW20, bssid = 32:a3:d2:55:e7:ad
I (5942) wifi:security: WPA2-PSK, phy: bgn, rssi: -32
I (5952) wifi:pm start, type: 1

WiFi CONNECTED
I (5962) wifi:AP's beacon interval = 102400 us, DTIM period = 2
[0;32mI (6952) esp_netif_handlers: sta ip: 192.168.225.151, mask: 255.255.255.0, gw: 192.168.225.130[0m
Wifi got IP...

I (24062) wifi:new:<1,1>, old:<1,1>, ap:<1,1>, sta:<1,0>, prof:6
I (24062) wifi:station: 40:1a:58:56:0b:6b join, AID=1, bgn, 40U
I (24152) wifi:<ba-add>idx:2 (ifx:1, 40:1a:58:56:0b:6b), tid:0, ssn:2, winSize:64
I (27332) wifi:new:<1,1>, old:<1,1>, ap:<1,1>, sta:<1,0>, prof:6
I (27332) wifi:station: 54:b8:02:b9:0a:1c join, AID=2, bgn, 20
I (27472) wifi:<ba-add>idx:3 (ifx:1, 54:b8:02:b9:0a:1c), tid:0, ssn:0, winSize:64
I (62542) wifi:station: 54:b8:02:b9:0a:1c leave, AID = 2, bss_flags is 658547, bss:0x3ffc9814
I (62542) wifi:new:<1,1>, old:<1,1>, ap:<1,1>, sta:<1,0>, prof:6
I (62542) wifi:<ba-del>idx:3, tid:0
I (75282) wifi:new:<1,1>, old:<1,1>, ap:<1,1>, sta:<1,0>, prof:6
I (75282) wifi:station: 54:b8:02:b9:0a:1c join, AID=2, bgn, 20
I (75502) wifi:<ba-add>idx:3 (ifx:1, 54:b8:02:b9:0a:1c), tid:0, ssn:0, winSize:64
I (111452) wifi:station: 54:b8:02:b9:0a:1c leave, AID = 2, bss_flags is 658547, bss:0x3ffc9c64
I (111452) wifi:new:<1,1>, old:<1,1>, ap:<1,1>, sta:<1,0>, prof:6
I (111462) wifi:<ba-del>idx:3, tid:0
W (443062) wifi:inactive timer: now=1a4d47fe last_rx_time=8529307 diff=49a4a, aid[1]40:1a:58:56:0b:6b leave
I (443092) wifi:station: 40:1a:58:56:0b:6b leave, AID = 1, bss_flags is 8391763, bss:0x3ffb9014
I (443092) wifi:new:<1,0>, old:<1,1>, ap:<1,1>, sta:<1,0>, prof:6
I (443092) wifi:<ba-del>idx:2, tid:0
