0m
[0;32mI (36) boot: ï¿½ets Jul 29 2019 12:21:46

rst:0x1 (POWERON_RESET),boot:0x13 (SPI_FAST_FLASH_BOOT)
configsip: 0, SPIWP:0xee
clk_drv:0x00,q_drv:0x00,d_drv:0x00,cs0_drv:0x00,hd_drv:0x00,wp_drv:0x00
mode:DIO, clock div:2
load:0x3fff0030,len:7084
ho 0 tail 12 room 4
load:0x40078000,len:15584
load:0x40080400,len:4
load:0x40080404,len:3876
entry 0x4008064c
[0;32mI (31) boot: ESP-IDF v5.1.2-dirty 2nd stage bootloader[0m
[0;32mI (31) boot: compile time Mar  7 2024 23:20:21[0m
[0;32mI (31) boot: Multicore bootloader[0m
[0;32mI (36) boot: chip revision: v3.1[0m
[0;32mI (40) boot.esp32: SPI Speed      : 40MHz[0m
[0;32mI (44) boot.esp32: SPI Mode       : DIO[0m
[0;32mI (49) boot.esp32: SPI Flash Size : 4MB[0m
[0;32mI (53) boot: Enabling RNG early entropy source...[0m
[0;32mI (59) boot: Partition Table:[0m
[0;32mI (62) boot: ## Label            Usage          Type ST Offset   Length[0m
[0;32mI (70) boot:  0 nvs              WiFi data        01 02 00009000 00006000[0m
[0;32mI (77) boot:  1 phy_init         RF data          01 01 0000f000 00001000[0m
[0;32mI (85) boot:  2 factory          factory app      00 00 00010000 00100000[0m
[0;32mI (92) boot: End of partition table[0m
[0;32mI (96) esp_image: segment 0: paddr=00010020 vaddr=3f400020 size=24eb4h (151220) map[0m
[0;32mI (159) esp_image: segment 1: paddr=00034edc vaddr=3ffb0000 size=03aech ( 15084) load[0m
[0;32mI (166) esp_image: segment 2: paddr=000389d0 vaddr=40080000 size=07648h ( 30280) load[0m
[0;32mI (178) esp_image: segment 3: paddr=00040020 vaddr=400d0020 size=9afe4h (634852) map[0m
[0;32mI (408) esp_image: segment 4: paddr=000db00c vaddr=40087648 size=0e5f4h ( 58868) load[0m
[0;32mI (444) boot: Loaded app from partition at offset 0x10000[0m
[0;32mI (444) boot: Disabling RNG early entropy source...[0m
[0;32mI (455) cpu_start: Multicore app[0m
[0;32mI (456) cpu_start: Pro cpu up.[0m
[0;32mI (456) cpu_start: Starting app cpu, entry point is 0x40081390[0m
[0;32mI (0) cpu_start: App cpu up.[0m
[0;32mI (473) cpu_start: Pro cpu start user code[0m
[0;32mI (473) cpu_start: cpu freq: 160000000 Hz[0m
[0;32mI (474) cpu_start: Application information:[0m
[0;32mI (478) cpu_start: Project name:     HTTP_GET[0m
[0;32mI (483) cpu_start: App version:      1[0m
[0;32mI (488) cpu_start: Compile time:     Mar  9 2024 18:42:43[0m
[0;32mI (494) cpu_start: ELF file SHA256:  0c317fd8a8e0dc21...[0m
[0;32mI (500) cpu_start: ESP-IDF:          v5.1.2-dirty[0m
[0;32mI (505) cpu_start: Min chip rev:     v0.0[0m
[0;32mI (510) cpu_start: Max chip rev:     v3.99 [0m
[0;32mI (515) cpu_start: Chip rev:         v3.1[0m
[0;32mI (520) heap_init: Initializing. RAM available for dynamic allocation:[0m
[0;32mI (527) heap_init: At 3FFAE6E0 len 00001920 (6 KiB): DRAM[0m
[0;32mI (533) heap_init: At 3FFB81E8 len 00027E18 (159 KiB): DRAM[0m
[0;32mI (539) heap_init: At 3FFE0440 len 00003AE0 (14 KiB): D/IRAM[0m
[0;32mI (545) heap_init: At 3FFE4350 len 0001BCB0 (111 KiB): D/IRAM[0m
[0;32mI (552) heap_init: At 40095C3C len 0000A3C4 (40 KiB): IRAM[0m
[0;32mI (559) spi_flash: detected chip: generic[0m
[0;32mI (563) spi_flash: flash io: dio[0m
[0;32mI (567) app_start: Starting scheduler on CPU0[0m
[0;32mI (572) app_start: Starting scheduler on CPU1[0m
[0;32mI (572) main_task: Started on CPU0[0m
[0;32mI (582) main_task: Calling app_main()[0m
[0;32mI (622) example_connect: Start example_connect.[0m
I (632) wifi:wifi driver task: 3ffbfe94, prio:23, stack:6656, core=0
I (652) wifi:wifi firmware version: 91b9630
I (652) wifi:wifi certification version: v7.0
I (652) wifi:config NVS flash: enabled
I (652) wifi:config nano formating: disabled
I (662) wifi:Init data frame dynamic rx buffer num: 32
I (662) wifi:Init static rx mgmt buffer num: 5
I (662) wifi:Init management short buffer num: 32
I (672) wifi:Init dynamic tx buffer num: 32
I (672) wifi:Init static rx buffer size: 1600
I (682) wifi:Init static rx buffer num: 10
I (682) wifi:Init dynamic rx buffer num: 32
[0;32mI (692) wifi_init: rx ba win: 6[0m
[0;32mI (692) wifi_init: tcpip mbox: 32[0m
[0;32mI (692) wifi_init: udp mbox: 6[0m
[0;32mI (702) wifi_init: tcp mbox: 6[0m
[0;32mI (702) wifi_init: tcp tx win: 5744[0m
[0;32mI (702) wifi_init: tcp rx win: 5744[0m
[0;32mI (712) wifi_init: tcp mss: 1440[0m
[0;32mI (712) wifi_init: WiFi IRAM OP enabled[0m
[0;32mI (722) wifi_init: WiFi RX IRAM OP enabled[0m
[0;32mI (722) phy_init: phy_version 4780,16b31a7,Sep 22 2023,20:42:16[0m
I (812) wifi:mode : sta (b0:b2:1c:a6:2b:48)
I (812) wifi:enable tsf
[0;32mI (822) example_connect: Connecting to Signum Signal...[0m
[0;32mI (822) example_connect: Waiting for IP(s)[0m
I (3232) wifi:new:<11,0>, old:<1,0>, ap:<255,255>, sta:<11,0>, prof:6
I (3482) wifi:state: init -> auth (b0)
I (3482) wifi:state: auth -> assoc (0)
I (3492) wifi:state: assoc -> run (10)
I (3552) wifi:connected with Signum Signal, aid = 1, channel 11, BW20, bssid = 54:b8:02:b9:0a:1c
I (3552) wifi:security: WPA2-PSK, phy: bgn, rssi: -51
I (3562) wifi:pm start, type: 1

I (3572) wifi:<ba-add>idx:0 (ifx:0, 54:b8:02:b9:0a:1c), tid:0, ssn:0, winSize:64
I (3662) wifi:AP's beacon interval = 102400 us, DTIM period = 2
[0;32mI (4562) esp_netif_handlers: example_netif_sta ip: 192.168.43.19, mask: 255.255.255.0, gw: 192.168.43.1[0m
[0;32mI (4562) example_connect: Got IPv4 event: Interface "example_netif_sta" address: 192.168.43.19[0m
[0;32mI (4622) example_connect: Got IPv6 event: Interface "example_netif_sta" address: fe80:0000:0000:0000:b2b2:1cff:fea6:2b48, type: ESP_IP6_ADDR_IS_LINK_LOCAL[0m
[0;32mI (4622) example_common: Connected to example_netif_sta[0m
[0;32mI (4632) example_common: - IPv4 address: 192.168.43.19,[0m
[0;32mI (4632) example_common: - IPv6 address: fe80:0000:0000:0000:b2b2:1cff:fea6:2b48, type: ESP_IP6_ADDR_IS_LINK_LOCAL[0m
[0;32mI (9652) REST: HTTP GET status = 200, result = {"coord":{"lon":73.1338,"lat":33.7104},"weather":[{"id":802,"main":"Clouds","description":"scattered clouds","icon":"03n"}],"base":"stations","main":{"temp":62.42,"feels_like":60.24,"temp_min":62.42,"temp_max":62.42,"pressure":1016,"humidity":40,"sea_level":1016,"grnd_level":955},"visibility":10000,"wind":{"speed":5.91,"deg":344,"gust":7.56},"clouds":{"all":50},"dt":1709991841,"sys":{"country":"PK","sunrise":1709947552,"sunset":1709989819},"timezone":18000,"id":1162015,"name":"Islamabad","cod":200}
[0m
I (9692) wifi:state: run -> init (0)
I (9692) wifi:pm stop, total sleep time: 4890212 us / 6135321 us

I (9702) wifi:<ba-del>idx:0, tid:0
I (9702) wifi:new:<11,0>, old:<11,0>, ap:<255,255>, sta:<11,0>, prof:6
E (9712) wifi:NAN WiFi stop
[0;32mI (9712) example_connect: Wi-Fi disconnected, trying to reconnect...[0m
I (9872) wifi:flush txq
I (9872) wifi:stop sw txq
I (9872) wifi:lmac stop hw txq
[0;32mI (9872) main_task: Returned from app_main()[0m
