
[0;32mI (36) boot: ï¿½ets Jul 29 2019 12:21:46

rst:0x1 (POWERON_RESET),boot:0x13 (SPI_FAST_FLASH_BOOT)
configsip: 0, SPIWP:0xee
clk_drv:0x00,q_drv:0x00,d_drv:0x00,cs0_drv:0x00,hd_drv:0x00,wp_drv:0x00
mode:DIO, clock div:2
load:0x3fff0030,len:7084
ho 0 tail 12 room 4
load:0x40078000,len:15584
load:0x40080400,len:4
load:0x40080404,len:3876
entry 0x4008064c
[0;32mI (31) boot: ESP-IDF v5.1.2-dirty 2nd stage bootloader[0m
[0;32mI (31) boot: compile time Mar  7 2024 23:20:21[0m
[0;32mI (31) boot: Multicore bootloader[0m
[0;32mI (36) boot: chip revision: v3.1[0m
[0;32mI (40) boot.esp32: SPI Speed      : 40MHz[0m
[0;32mI (44) boot.esp32: SPI Mode       : DIO[0m
[0;32mI (49) boot.esp32: SPI Flash Size : 4MB[0m
[0;32mI (53) boot: Enabling RNG early entropy source...[0m
[0;32mI (59) boot: Partition Table:[0m
[0;32mI (62) boot: ## Label            Usage          Type ST Offset   Length[0m
[0;32mI (70) boot:  0 nvs              WiFi data        01 02 00009000 00006000[0m
[0;32mI (77) boot:  1 phy_init         RF data          01 01 0000f000 00001000[0m
[0;32mI (85) boot:  2 factory          factory app      00 00 00010000 00100000[0m
[0;32mI (92) boot: End of partition table[0m
[0;32mI (96) esp_image: segment 0: paddr=00010020 vaddr=3f400020 size=2485ch (149596) map[0m
[0;32mI (159) esp_image: segment 1: paddr=00034884 vaddr=3ffb0000 size=03aech ( 15084) load[0m
[0;32mI (165) esp_image: segment 2: paddr=00038378 vaddr=40080000 size=07ca0h ( 31904) load[0m
[0;32mI (179) esp_image: segment 3: paddr=00040020 vaddr=400d0020 size=9aa58h (633432) map[0m
[0;32mI (407) esp_image: segment 4: paddr=000daa80 vaddr=40087ca0 size=0df9ch ( 57244) load[0m
[0;32mI (442) boot: Loaded app from partition at offset 0x10000[0m
[0;32mI (442) boot: Disabling RNG early entropy source...[0m
[0;32mI (454) cpu_start: Multicore app[0m
[0;32mI (454) cpu_start: Pro cpu up.[0m
[0;32mI (454) cpu_start: Starting app cpu, entry point is 0x40081390[0m
[0;32mI (0) cpu_start: App cpu up.[0m
[0;32mI (472) cpu_start: Pro cpu start user code[0m
[0;32mI (472) cpu_start: cpu freq: 160000000 Hz[0m
[0;32mI (472) cpu_start: Application information:[0m
[0;32mI (477) cpu_start: Project name:     HTTP_GET[0m
[0;32mI (482) cpu_start: App version:      1[0m
[0;32mI (486) cpu_start: Compile time:     Mar  7 2024 23:19:28[0m
[0;32mI (493) cpu_start: ELF file SHA256:  3a425f4c08ddc5d6...[0m
[0;32mI (499) cpu_start: ESP-IDF:          v5.1.2-dirty[0m
[0;32mI (504) cpu_start: Min chip rev:     v0.0[0m
[0;32mI (509) cpu_start: Max chip rev:     v3.99 [0m
[0;32mI (513) cpu_start: Chip rev:         v3.1[0m
[0;32mI (518) heap_init: Initializing. RAM available for dynamic allocation:[0m
[0;32mI (526) heap_init: At 3FFAE6E0 len 00001920 (6 KiB): DRAM[0m
[0;32mI (531) heap_init: At 3FFB8170 len 00027E90 (159 KiB): DRAM[0m
[0;32mI (538) heap_init: At 3FFE0440 len 00003AE0 (14 KiB): D/IRAM[0m
[0;32mI (544) heap_init: At 3FFE4350 len 0001BCB0 (111 KiB): D/IRAM[0m
[0;32mI (551) heap_init: At 40095C3C len 0000A3C4 (40 KiB): IRAM[0m
[0;32mI (558) spi_flash: detected chip: generic[0m
[0;32mI (561) spi_flash: flash io: dio[0m
[0;32mI (566) app_start: Starting scheduler on CPU0[0m
[0;32mI (570) app_start: Starting scheduler on CPU1[0m
[0;32mI (570) main_task: Started on CPU0[0m
[0;32mI (580) main_task: Calling app_main()[0m
[0;32mI (620) example_connect: Start example_connect.[0m
I (630) wifi:wifi driver task: 3ffbfe1c, prio:23, stack:6656, core=0
I (650) wifi:wifi firmware version: 91b9630
I (650) wifi:wifi certification version: v7.0
I (650) wifi:config NVS flash: enabled
I (650) wifi:config nano formating: disabled
I (660) wifi:Init data frame dynamic rx buffer num: 32
I (660) wifi:Init static rx mgmt buffer num: 5
I (660) wifi:Init management short buffer num: 32
I (670) wifi:Init dynamic tx buffer num: 32
I (670) wifi:Init static rx buffer size: 1600
I (680) wifi:Init static rx buffer num: 10
I (680) wifi:Init dynamic rx buffer num: 32
[0;32mI (690) wifi_init: rx ba win: 6[0m
[0;32mI (690) wifi_init: tcpip mbox: 32[0m
[0;32mI (690) wifi_init: udp mbox: 6[0m
[0;32mI (700) wifi_init: tcp mbox: 6[0m
[0;32mI (700) wifi_init: tcp tx win: 5744[0m
[0;32mI (700) wifi_init: tcp rx win: 5744[0m
[0;32mI (710) wifi_init: tcp mss: 1440[0m
[0;32mI (710) wifi_init: WiFi IRAM OP enabled[0m
[0;32mI (720) wifi_init: WiFi RX IRAM OP enabled[0m
[0;32mI (720) phy_init: phy_version 4780,16b31a7,Sep 22 2023,20:42:16[0m
I (810) wifi:mode : sta (b0:b2:1c:a6:2b:48)
I (810) wifi:enable tsf
[0;32mI (820) example_connect: Connecting to Signum Signal...[0m
[0;32mI (820) example_connect: Waiting for IP(s)[0m
I (3230) wifi:new:<1,0>, old:<1,0>, ap:<255,255>, sta:<1,0>, prof:6
I (3480) wifi:state: init -> auth (b0)
I (3480) wifi:state: auth -> assoc (0)
I (3490) wifi:state: assoc -> run (10)
I (3550) wifi:connected with Signum Signal, aid = 1, channel 1, BW20, bssid = 54:b8:02:b9:0a:1c
I (3550) wifi:security: WPA2-PSK, phy: bgn, rssi: -2
I (3550) wifi:pm start, type: 1

I (3560) wifi:<ba-add>idx:0 (ifx:0, 54:b8:02:b9:0a:1c), tid:0, ssn:0, winSize:64
I (3570) wifi:AP's beacon interval = 102400 us, DTIM period = 2
[0;32mI (4560) esp_netif_handlers: example_netif_sta ip: 192.168.43.19, mask: 255.255.255.0, gw: 192.168.43.1[0m
[0;32mI (4560) example_connect: Got IPv4 event: Interface "example_netif_sta" address: 192.168.43.19[0m
[0;32mI (4620) example_connect: Got IPv6 event: Interface "example_netif_sta" address: fe80:0000:0000:0000:b2b2:1cff:fea6:2b48, type: ESP_IP6_ADDR_IS_LINK_LOCAL[0m
[0;32mI (4620) example_common: Connected to example_netif_sta[0m
[0;32mI (4630) example_common: - IPv4 address: 192.168.43.19,[0m
[0;32mI (4630) example_common: - IPv6 address: fe80:0000:0000:0000:b2b2:1cff:fea6:2b48, type: ESP_IP6_ADDR_IS_LINK_LOCAL[0m
I (6130) wifi:<ba-add>idx:1 (ifx:0, 54:b8:02:b9:0a:1c), tid:4, ssn:0, winSize:64
[0;31mE (6140) esp-tls-mbedtls: No server verification option set in esp_tls_cfg_t structure. Check esp_tls API reference[0m
[0;31mE (6140) esp-tls-mbedtls: Failed to set client configurations, returned [0x8017] (ESP_ERR_MBEDTLS_SSL_SETUP_FAILED)[0m
[0;31mE (6150) esp-tls: create_ssl_handle failed[0m
[0;31mE (6160) esp-tls: Failed to open new connection[0m
[0;31mE (6160) transport_base: Failed to open a new connection[0m
[0;31mE (6170) HTTP_CLIENT: Connection failed, sock < 0[0m
[0;32mI (6180) main_task: Returned from app_main()[0m
